{
    "Right": {
        "actualTimeGrid": [
            0,
            0.1,
            0.2,
            0.30000000000000004,
            0.4,
            0.5,
            0.6000000000000001,
            0.7000000000000001,
            0.8,
            0.9,
            1,
            1.1,
            1.2000000000000002,
            1.3,
            1.4000000000000001,
            1.5,
            1.6,
            1.7000000000000002,
            1.8,
            1.9000000000000001,
            2,
            2.1,
            2.2,
            2.3000000000000003,
            2.4000000000000004,
            2.5,
            2.6,
            2.7,
            2.8000000000000003,
            2.9000000000000004,
            3,
            3.1,
            3.2,
            3.3000000000000003,
            3.4000000000000004,
            3.5,
            3.6,
            3.7,
            3.8000000000000003,
            3.9000000000000004,
            4,
            4.1000000000000005,
            4.2,
            4.3,
            4.4,
            4.5,
            4.6000000000000005,
            4.7,
            4.800000000000001,
            4.9,
            5,
            5.1000000000000005,
            5.2,
            5.300000000000001,
            5.4,
            5.5,
            5.6000000000000005,
            5.7,
            5.800000000000001,
            5.9,
            6,
            6.1000000000000005,
            6.2,
            6.300000000000001,
            6.4,
            6.5,
            6.6000000000000005,
            6.7,
            6.800000000000001,
            6.9,
            7,
            7.1000000000000005,
            7.2,
            7.300000000000001,
            7.4,
            7.5,
            7.6000000000000005,
            7.7,
            7.800000000000001,
            7.9,
            8,
            8.1,
            8.200000000000001,
            8.3,
            8.4,
            8.5,
            8.6,
            8.700000000000001,
            8.8,
            8.9,
            9,
            9.1,
            9.200000000000001,
            9.3,
            9.4,
            9.5,
            9.600000000000001,
            9.700000000000001,
            9.8,
            9.9,
            10
        ],
        "diagnostics": {
            "dlsGetNumJacEvals": 0,
            "dlsGetNumRhsEvals": 0,
            "odeGetNumErrTestFails": 2,
            "odeGetNumLinSolvSetups": 44,
            "odeGetNumNonlinSolvConvFails": 0,
            "odeGetNumNonlinSolvIters": 3506,
            "odeGetNumRhsEvals_fe": 0,
            "odeGetNumRhsEvals_fi": 6354,
            "odeGetNumStepAttempts": 569,
            "odeGetNumSteps": 567,
            "odeMaxEventsReached": false
        },
        "solutionMatrix": [
            [
                0
            ],
            [
                9.966837760052731e-2
            ],
            [
                0.19739533461007236
            ],
            [
                0.2914566298920356
            ],
            [
                0.38050634710864634
            ],
            [
                0.4636474694062197
            ],
            [
                0.540419384272633
            ],
            [
                0.6107259296155346
            ],
            [
                0.6747409099735401
            ],
            [
                0.7328150707775596
            ],
            [
                0.7853981323465983
            ],
            [
                0.8329812374529694
            ],
            [
                0.876058024677629
            ],
            [
                0.9151006783865615
            ],
            [
                0.9505468221643226
            ],
            [
                0.9827937074652565
            ],
            [
                1.0121969976583685
            ],
            [
                1.039072246780102
            ],
            [
                1.0636978099225294
            ],
            [
                1.0863183861468286
            ],
            [
                1.1071487075127275
            ],
            [
                1.1263771080560465
            ],
            [
                1.1441687969762082
            ],
            [
                1.1606689520823623
            ],
            [
                1.1760051823523174
            ],
            [
                1.1902899269044536
            ],
            [
                1.2036224687603718
            ],
            [
                1.216090651546887
            ],
            [
                1.2277723692399811
            ],
            [
                1.2387368437896773
            ],
            [
                1.2490457558294559
            ],
            [
                1.2587541888909246
            ],
            [
                1.2679114460766645
            ],
            [
                1.2765617508015648
            ],
            [
                1.2847448733652
            ],
            [
                1.2924966559489317
            ],
            [
                1.2998494672440102
            ],
            [
                1.3068325952593434
            ],
            [
                1.3134725820366362
            ],
            [
                1.3197936139693143
            ],
            [
                1.32581763384024
            ],
            [
                1.3315646931659069
            ],
            [
                1.337053115526294
            ],
            [
                1.342299662981405
            ],
            [
                1.347319706207358
            ],
            [
                1.352127363115305
            ],
            [
                1.356735621815552
            ],
            [
                1.3611564578511712
            ],
            [
                1.365400917175894
            ],
            [
                1.369479202025858
            ],
            [
                1.3734007536936674
            ],
            [
                1.3771743211566718
            ],
            [
                1.3808080230466162
            ],
            [
                1.3843094087618997
            ],
            [
                1.3876854953042004
            ],
            [
                1.3909428156166586
            ],
            [
                1.394087461299702
            ],
            [
                1.397125118839134
            ],
            [
                1.4000611033467096
            ],
            [
                1.4029003916035654
            ],
            [
                1.4056476391714487
            ],
            [
                1.4083072094085787
            ],
            [
                1.4108831618138429
            ],
            [
                1.4133794243540125
            ],
            [
                1.415799563000594
            ],
            [
                1.4181469707629275
            ],
            [
                1.4204248638336818
            ],
            [
                1.422636272454232
            ],
            [
                1.4247840489977477
            ],
            [
                1.4268708587109014
            ],
            [
                1.4288992472760456
            ],
            [
                1.4308716267687314
            ],
            [
                1.4327902787693763
            ],
            [
                1.4346573510016947
            ],
            [
                1.4364748679564934
            ],
            [
                1.4382447720877862
            ],
            [
                1.439968906498276
            ],
            [
                1.4416490202732042
            ],
            [
                1.443286756317779
            ],
            [
                1.444883685443693
            ],
            [
                1.4464413123287836
            ],
            [
                1.4479610687181526
            ],
            [
                1.4494443146932603
            ],
            [
                1.4508923305373
            ],
            [
                1.4523063530097935
            ],
            [
                1.4536875648735519
            ],
            [
                1.4550370947140794
            ],
            [
                1.4563560126313133
            ],
            [
                1.4576453350331813
            ],
            [
                1.4589060470545208
            ],
            [
                1.4601390909233414
            ],
            [
                1.4613453677120785
            ],
            [
                1.4625257283965396
            ],
            [
                1.4636809937292687
            ],
            [
                1.464811956413583
            ],
            [
                1.4659193761122524
            ],
            [
                1.4670039791359801
            ],
            [
                1.4680664524865539
            ],
            [
                1.469107465728355
            ],
            [
                1.4701276309686986
            ],
            [
                1.4711276413646488
            ]
        ]
    }
}