{
    "Right": {
        "actualTimeGrid": [
            0,
            1.0e-2,
            2.0e-2,
            3.0e-2,
            4.0e-2,
            5.0e-2,
            6.0e-2,
            7.0e-2,
            8.0e-2,
            9.0e-2,
            9.530734262826611e-2,
            9.530734262826611e-2,
            0.1,
            0.11,
            0.12,
            0.13,
            0.14,
            0.15,
            0.16,
            0.17,
            0.18,
            0.19,
            0.2,
            0.21,
            0.22
        ],
        "diagnostics": {
            "dlsGetNumJacEvals": 0,
            "dlsGetNumRhsEvals": 0,
            "odeGetNumErrTestFails": 0,
            "odeGetNumLinSolvSetups": 6,
            "odeGetNumNonlinSolvConvFails": 0,
            "odeGetNumNonlinSolvIters": 55,
            "odeGetNumRhsEvals_fe": 0,
            "odeGetNumRhsEvals_fi": 109,
            "odeGetNumStepAttempts": 17,
            "odeGetNumSteps": 17,
            "odeMaxEventsReached": false
        },
        "solutionMatrix": [
            [
                1
            ],
            [
                1.0100584603824445
            ],
            [
                1.0202063417298481
            ],
            [
                1.030469697632875
            ],
            [
                1.0408306023336724
            ],
            [
                1.0512898955124255
            ],
            [
                1.0618484226564222
            ],
            [
                1.0725100923704185
            ],
            [
                1.0833011660985972
            ],
            [
                1.0941948279544338
            ],
            [
                1.1
            ],
            [
                2
            ],
            [
                2.009414066409562
            ],
            [
                2.029621190890644
            ],
            [
                2.050019543116639
            ],
            [
                2.0706229011864883
            ],
            [
                2.091433325390266
            ],
            [
                2.112452896723341
            ],
            [
                2.1336837170944527
            ],
            [
                2.1551279095358797
            ],
            [
                2.1767876184157227
            ],
            [
                2.198665009652314
            ],
            [
                2.2207622709307904
            ],
            [
                2.2430816119218355
            ],
            [
                2.265625264502625
            ]
        ]
    }
}