{
    "Right": {
        "actualTimeGrid": [
            0,
            1,
            1,
            2,
            2,
            3,
            3,
            4,
            4,
            5,
            5,
            6,
            6,
            7,
            7,
            8,
            8,
            9,
            9,
            10,
            10
        ],
        "diagnostics": {
            "dlsGetNumJacEvals": 0,
            "dlsGetNumRhsEvals": 0,
            "odeGetNumErrTestFails": 0,
            "odeGetNumLinSolvSetups": 0,
            "odeGetNumNonlinSolvConvFails": 0,
            "odeGetNumNonlinSolvIters": 265,
            "odeGetNumRhsEvals_fe": 0,
            "odeGetNumRhsEvals_fi": 0,
            "odeGetNumStepAttempts": 0,
            "odeGetNumSteps": 0,
            "odeMaxEventsReached": false
        },
        "solutionMatrix": [
            [
                0
            ],
            [
                0.4999989737810301
            ],
            [
                0.4999989737810301
            ],
            [
                0.99999818416152
            ],
            [
                0.99999818416152
            ],
            [
                1.4999977074374788
            ],
            [
                1.4999977074374788
            ],
            [
                1.9999962994048595
            ],
            [
                1.9999962994048595
            ],
            [
                2.4999955550336757
            ],
            [
                2.4999955550336757
            ],
            [
                2.9999939824075446
            ],
            [
                2.9999939824075446
            ],
            [
                3.499992961515823
            ],
            [
                3.499992961515823
            ],
            [
                3.9999921118842265
            ],
            [
                3.9999921118842265
            ],
            [
                4.49999136193315
            ],
            [
                4.49999136193315
            ],
            [
                4.999990561885431
            ],
            [
                4.999990561885431
            ]
        ]
    }
}