{
    "Right": {
        "actualTimeGrid": [
            0,
            1.0000000000000153,
            1.0000000000000153,
            2,
            2,
            3,
            3,
            4,
            4,
            5,
            5,
            6,
            6,
            7,
            7,
            8,
            8,
            9,
            9,
            10,
            10
        ],
        "diagnostics": {
            "dlsGetNumJacEvals": 0,
            "dlsGetNumRhsEvals": 0,
            "odeGetNumErrTestFails": 0,
            "odeGetNumLinSolvSetups": 0,
            "odeGetNumNonlinSolvConvFails": 0,
            "odeGetNumNonlinSolvIters": 140,
            "odeGetNumRhsEvals_fe": 0,
            "odeGetNumRhsEvals_fi": 0,
            "odeGetNumStepAttempts": 0,
            "odeGetNumSteps": 0,
            "odeMaxEventsReached": false
        },
        "solutionMatrix": [
            [
                0
            ],
            [
                0.5000000000000052
            ],
            [
                0.5000000000000052
            ],
            [
                0.9999992869469922
            ],
            [
                0.9999992869469922
            ],
            [
                1.4999985776650626
            ],
            [
                1.4999985776650626
            ],
            [
                1.999997872154101
            ],
            [
                1.999997872154101
            ],
            [
                2.499997170413986
            ],
            [
                2.499997170413986
            ],
            [
                2.9999964724445998
            ],
            [
                2.9999964724445998
            ],
            [
                3.4999957782458226
            ],
            [
                3.4999957782458226
            ],
            [
                3.999995087817532
            ],
            [
                3.999995087817532
            ],
            [
                4.499994401159612
            ],
            [
                4.499994401159612
            ],
            [
                4.999992893951255
            ],
            [
                4.999992893951255
            ]
        ]
    }
}