{
    "Right": {
        "actualTimeGrid": [
            0,
            1,
            1,
            2,
            2,
            3,
            3,
            4,
            4,
            5,
            5,
            6,
            6,
            7,
            7,
            8,
            8,
            9,
            9,
            10,
            10
        ],
        "diagnostics": {
            "dlsGetNumJacEvals": 0,
            "dlsGetNumRhsEvals": 0,
            "odeGetNumErrTestFails": 0,
            "odeGetNumLinSolvSetups": 0,
            "odeGetNumNonlinSolvConvFails": 0,
            "odeGetNumNonlinSolvIters": 140,
            "odeGetNumRhsEvals_fe": 0,
            "odeGetNumRhsEvals_fi": 0,
            "odeGetNumStepAttempts": 0,
            "odeGetNumSteps": 0,
            "odeMaxEventsReached": false
        },
        "solutionMatrix": [
            [
                0
            ],
            [
                0.49999928317576825
            ],
            [
                0.49999928317576825
            ],
            [
                0.9999985701227452
            ],
            [
                0.9999985701227452
            ],
            [
                1.4999978608408098
            ],
            [
                1.4999978608408098
            ],
            [
                1.999997155329843
            ],
            [
                1.999997155329843
            ],
            [
                2.4999964535897257
            ],
            [
                2.4999964535897257
            ],
            [
                2.9999957556203336
            ],
            [
                2.9999957556203336
            ],
            [
                3.4999950614215516
            ],
            [
                3.4999950614215516
            ],
            [
                3.9999943709932566
            ],
            [
                3.9999943709932566
            ],
            [
                4.499993684335332
            ],
            [
                4.499993684335332
            ],
            [
                4.999992177126963
            ],
            [
                4.999992177126963
            ]
        ]
    }
}