{
    "Right": {
        "actualTimeGrid": [
            0,
            0.1,
            0.2,
            0.30000000000000004,
            0.4,
            0.5,
            0.6000000000000001,
            0.7000000000000001,
            0.8,
            0.9,
            1,
            1.1,
            1.2000000000000002,
            1.3,
            1.4000000000000001,
            1.5,
            1.6,
            1.7000000000000002,
            1.8,
            1.9000000000000001,
            2,
            2.1,
            2.2,
            2.3000000000000003,
            2.4000000000000004,
            2.5,
            2.6,
            2.7,
            2.8000000000000003,
            2.9000000000000004,
            3,
            3.1,
            3.2,
            3.3000000000000003,
            3.4000000000000004,
            3.5,
            3.6,
            3.7,
            3.8000000000000003,
            3.9000000000000004,
            4,
            4.1000000000000005,
            4.2,
            4.3,
            4.4,
            4.5,
            4.6000000000000005,
            4.7,
            4.800000000000001,
            4.9,
            5,
            5.1000000000000005,
            5.2,
            5.300000000000001,
            5.4,
            5.5,
            5.6000000000000005,
            5.7,
            5.800000000000001,
            5.9,
            6,
            6.1000000000000005,
            6.2,
            6.300000000000001,
            6.4,
            6.5,
            6.6000000000000005,
            6.7,
            6.800000000000001,
            6.9,
            7,
            7.1000000000000005,
            7.2,
            7.300000000000001,
            7.4,
            7.5,
            7.6000000000000005,
            7.7,
            7.800000000000001,
            7.9,
            8,
            8.1,
            8.200000000000001,
            8.3,
            8.4,
            8.5,
            8.6,
            8.700000000000001,
            8.8,
            8.9,
            9,
            9.1,
            9.200000000000001,
            9.3,
            9.4,
            9.5,
            9.600000000000001,
            9.700000000000001,
            9.8,
            9.9,
            10
        ],
        "diagnostics": {
            "dlsGetNumJacEvals": 0,
            "dlsGetNumRhsEvals": 0,
            "odeGetNumErrTestFails": 0,
            "odeGetNumLinSolvSetups": 22,
            "odeGetNumNonlinSolvConvFails": 0,
            "odeGetNumNonlinSolvIters": 588,
            "odeGetNumRhsEvals_fe": 0,
            "odeGetNumRhsEvals_fi": 1251,
            "odeGetNumStepAttempts": 220,
            "odeGetNumSteps": 220,
            "odeMaxEventsReached": false
        },
        "solutionMatrix": [
            [
                0
            ],
            [
                9.966556746885075e-2
            ],
            [
                0.19738777789825301
            ],
            [
                0.2914483287788609
            ],
            [
                0.38050470768441635
            ],
            [
                0.46361754182781245
            ],
            [
                0.5403593215228993
            ],
            [
                0.6107194328694032
            ],
            [
                0.6746810956230269
            ],
            [
                0.7327570250858546
            ],
            [
                0.7853859557037481
            ],
            [
                0.8329431281017663
            ],
            [
                0.8760126672545104
            ],
            [
                0.9150811788701873
            ],
            [
                0.9505266816638065
            ],
            [
                0.982761492197466
            ],
            [
                1.012177276686648
            ],
            [
                1.0390642251549695
            ],
            [
                1.0636761033950448
            ],
            [
                1.0863012500372362
            ],
            [
                1.1071482939745345
            ],
            [
                1.1263631185985505
            ],
            [
                1.1441549515344382
            ],
            [
                1.1606653688903654
            ],
            [
                1.1759967242517755
            ],
            [
                1.190279170711083
            ],
            [
                1.2036173312926386
            ],
            [
                1.2160861097203242
            ],
            [
                1.2277642840755099
            ],
            [
                1.2387314663670332
            ],
            [
                1.2490439983674697
            ],
            [
                1.2587483187833097
            ],
            [
                1.2679064514206069
            ],
            [
                1.2765508897357618
            ],
            [
                1.2847394030973045
            ],
            [
                1.2924945657520803
            ],
            [
                1.299842307176132
            ],
            [
                1.3068238502021206
            ],
            [
                1.3134651141732554
            ],
            [
                1.3197896983501263
            ],
            [
                1.3258163965957819
            ],
            [
                1.331559808680224
            ],
            [
                1.337046993278049
            ],
            [
                1.342294310787853
            ],
            [
                1.347316790127799
            ],
            [
                1.3521266101569325
            ],
            [
                1.3567291887673254
            ],
            [
                1.361148178215708
            ],
            [
                1.365393448356431
            ],
            [
                1.3694733685256089
            ],
            [
                1.3733929817209174
            ],
            [
                1.3771708914994034
            ],
            [
                1.3808004855353575
            ],
            [
                1.3843083040291726
            ],
            [
                1.3876785599675905
            ],
            [
                1.39094182454332
            ],
            [
                1.3940813813929842
            ],
            [
                1.3971225994272432
            ],
            [
                1.400056057152247
            ],
            [
                1.4028969305653707
            ],
            [
                1.4056437299702955
            ],
            [
                1.4083032479107083
            ],
            [
                1.4108788182429475
            ],
            [
                1.4133763202381209
            ],
            [
                1.415797660853683
            ],
            [
                1.4181462604667305
            ],
            [
                1.4204245108605642
            ],
            [
                1.4226348774374493
            ],
            [
                1.4247817600494908
            ],
            [
                1.42686783167675
            ],
            [
                1.428895618514595
            ],
            [
                1.4308675099411166
            ],
            [
                1.4327857675458904
            ],
            [
                1.4346525334939149
            ],
            [
                1.4364698382426195
            ],
            [
                1.4382396076733333
            ],
            [
                1.4399636696876372
            ],
            [
                1.4416437603144412
            ],
            [
                1.4432815293693197
            ],
            [
                1.4448785457036244
            ],
            [
                1.4464363020773972
            ],
            [
                1.4479562196869527
            ],
            [
                1.4494396523751345
            ],
            [
                1.4508839659099317
            ],
            [
                1.4523039064848706
            ],
            [
                1.4536782440451819
            ],
            [
                1.455030817315358
            ],
            [
                1.456351815736013
            ],
            [
                1.4576367285334961
            ],
            [
                1.4589018085583407
            ],
            [
                1.4601338230083127
            ],
            [
                1.4613377004630324
            ],
            [
                1.4625234590016383
            ],
            [
                1.463675154538419
            ],
            [
                1.464805376502399
            ],
            [
                1.4659190050165463
            ],
            [
                1.4669979607984653
            ],
            [
                1.4680610434388415
            ],
            [
                1.469106178017509
            ],
            [
                1.4701217682024184
            ],
            [
                1.4711234859508746
            ]
        ]
    }
}